Restore server initial state
Generate target cluster.xml
Start all servers
starting rebalance
sleeping for 17 seconds...
killing servers VoldemortServer /Users/lgao/Projects/voldemort/config/test_config3
waiting for rebalancing process to terminate...
checking for server state
resume killed server...
restarting rebalance
sleeping for 10 seconds...
killing servers VoldemortServer /Users/lgao/Projects/voldemort/config/test_config2
waiting for rebalancing process to terminate...
checking for server state
resume killed server...
restarting rebalance
